update: 1697774610
